1c1
<  a .
---
> a.
3,5c3,5
< -a-b-
< - a  b  -
< - a  b -
---
> -a-b -
> -a  b-
> -a  b-
7,11c7,11
< - a  b\ -
< -\-a b\-
< -\ a  b\ -
< -\-a b\-
< - \ a  b\ -
---
> -a  b\-
> -\-a  b\-
> -\ a  b\-
> -\-a  b\-
> -\ a  b\-
14c14,16
< argv[1] = <ab\>
---
> argv[1] = <^?>
> argv[1] = <^?>
> argv[1] = <abcd>
17c19
< 2: x[A B ]
---
> 2: x[A B]
24a27
> argv[1] = <foo>
26,28c29,30
< argv[1] = < foo>
< argv[1] = < foo>
< argv[1] = < foo>
---
> argv[1] = <foo>
> argv[1] = <foo>
30a33
> xyz
34,39c37,40
< cupidshell: /dev/tty: No such device or address (os error 6)
< 1
< 4
< cupidshell: /dev/tty: No such device or address (os error 6)
< 1
< 4
---
> timeout 1: ok
> unset or null 1
> timeout 2: ok
> unset or null 2
41,42c42,43
< 4
< cupidshell: /dev/tty: No such device or address (os error 6)
---
> unset or null 3
> ./read2.sub: line 45: read: -3: invalid timeout specification
44c45
< 4
---
> 
46a48
> ./read3.sub: line 17: read: -1: invalid number
47a50
> defg
50,51c53
< cupidshell: read: -n: option requires an argument
< 
---
> #
52a55,60
> do
> echo "$var"
> done 3<$0
> argv[1] = <>
> argv[1] = <>
> argv[1] = <>
53a62
> argv[1] = <>
61,63c70
< cupidshell: read: -t: option requires an argument
< 2
< 1
---
> 0
64a72
> timeout 1: ok
66c74
< 1
---
> timeout 2: ok
68,69c76
< cupidshell: /dev/tty: No such device or address (os error 6)
< 1
---
> timeout 3: ok
74,76c81,83
< cupidshell: /dev/tty: No such device or address (os error 6)
< abcde
< one 
---
> 
> one
> two three four
77a85
> two three four
