2c2
< ./attr.tests: line 24: a: readonly variable
---
> ./attr.tests: line 17: a: readonly variable
4c4
< ./attr.tests: line 27: a: readonly variable
---
> ./attr.tests: line 18: a: readonly variable
6c6
< ./attr.tests: line 30: a: readonly variable
---
> ./attr.tests: line 19: readonly: a: readonly variable
16c16
< ./attr1.sub: line 33: r: readonly variable
---
> ./attr1.sub: line 32: r: readonly variable
18c18
< ./attr1.sub: line 37: r: readonly variable
---
> ./attr1.sub: line 36: r: readonly variable
20c20
< ./attr1.sub: line 41: r: readonly variable
---
> ./attr1.sub: line 40: r: readonly variable
22c22
< ./attr1.sub: line 45: r: readonly variable
---
> ./attr1.sub: line 44: readonly: r: readonly variable
