1c1,2
< cupidshell: shopt: -z: invalid option
---
> ./shopt.tests: line 15: shopt: -z: invalid option
> shopt: usage: shopt [-pqsu] [-o] [optname ...]
9c10
< shopt -s checkwinsize
---
> shopt -u checkwinsize
66d66
< shopt -s checkwinsize
85a86
> shopt -u checkwinsize
124,477c125,308
< autocd                          off
< assoc_expand_once               off
< cdable_vars                     off
< checkhash                       off
< checkjobs                       off
< compat31                        off
< compat32                        off
< compat40                        off
< compat41                        off
< compat42                        off
< compat43                        off
< compat44                        off
< direxpand                       off
< dirspell                        off
< dotglob                         off
< execfail                        off
< extdebug                        off
< extglob                         off
< failglob                        off
< globstar                        off
< gnu_errfmt                      off
< histappend                      off
< histreedit                      off
< histverify                      off
< huponexit                       off
< inherit_errexit                 off
< lastpipe                        off
< lithist                         off
< localvar_inherit                off
< localvar_unset                  off
< login_shell                     off
< mailwarn                        off
< no_empty_cmd_completion         off
< nocaseglob                      off
< nocasematch                     off
< noexpand_translation            off
< nullglob                        off
< progcomp_alias                  off
< restricted_shell                off
< shift_verbose                   off
< varredir_close                  off
< xpg_echo                        off
< --
< shopt -u allexport
< shopt -u notify
< shopt -u errexit
< shopt -u noglob
< shopt -s hashall
< shopt -u keyword
< shopt -s monitor
< shopt -u noexec
< shopt -s privileged
< shopt -u onecmd
< shopt -u nounset
< shopt -u verbose
< shopt -u xtrace
< shopt -s braceexpand
< shopt -u noclobber
< shopt -u errtrace
< shopt -s histexpand
< shopt -u physical
< shopt -u functrace
< shopt -s emacs
< shopt -s history
< shopt -u ignoreeof
< shopt -s interactive-comments
< shopt -u pipefail
< shopt -u posix
< shopt -u vi
< --
< allexport       off
< notify          off
< errexit         off
< noglob          off
< hashall         on
< keyword         off
< monitor         on
< noexec          off
< privileged      on
< onecmd          off
< nounset         off
< verbose         off
< xtrace          off
< braceexpand     on
< noclobber       off
< errtrace        off
< histexpand      on
< physical        off
< functrace       off
< emacs           on
< history         on
< ignoreeof       off
< interactive-commentson
< pipefail        off
< posix           off
< vi              off
< --
< allexport       off
< notify          off
< errexit         off
< noglob          off
< hashall         on
< keyword         off
< monitor         on
< noexec          off
< privileged      on
< onecmd          off
< nounset         off
< verbose         off
< xtrace          off
< braceexpand     on
< noclobber       off
< errtrace        off
< histexpand      on
< physical        off
< functrace       off
< emacs           on
< history         on
< ignoreeof       off
< interactive-commentson
< pipefail        off
< posix           off
< vi              off
< --
< shopt -s history
< shopt -u verbose
< --
< shopt -s hashall
< shopt -s monitor
< shopt -s privileged
< shopt -s braceexpand
< shopt -s histexpand
< shopt -s emacs
< shopt -s history
< shopt -s interactive-comments
< --
< shopt -u allexport
< shopt -u notify
< shopt -u errexit
< shopt -u noglob
< shopt -u keyword
< shopt -u noexec
< shopt -u onecmd
< shopt -u nounset
< shopt -u verbose
< shopt -u xtrace
< shopt -u noclobber
< shopt -u errtrace
< shopt -u physical
< shopt -u functrace
< shopt -u ignoreeof
< shopt -u pipefail
< shopt -u posix
< shopt -u vi
< --
< allexport                       off
< notify                          off
< errexit                         off
< noglob                          off
< keyword                         off
< noexec                          off
< onecmd                          off
< nounset                         off
< verbose                         off
< xtrace                          off
< noclobber                       off
< errtrace                        off
< physical                        off
< functrace                       off
< ignoreeof                       off
< pipefail                        off
< posix                           off
< vi                              off
< --
< cupidshell: shopt: xyz1: invalid shell option name
< cupidshell: shopt: xyz1: invalid shell option name
< 1,59c1,57
< < array_expand_once   	off
< < assoc_expand_once   	off
< < autocd              	off
< < bash_source_fullpath	off
< < cdable_vars         	off
< < cdspell             	off
< < checkhash           	off
< < checkjobs           	off
< < checkwinsize        	on
< < cmdhist             	on
< < compat31            	off
< < compat32            	off
< < compat40            	off
< < compat41            	off
< < compat42            	off
< < compat43            	off
< < compat44            	off
< < complete_fullquote  	on
< < direxpand           	off
< < dirspell            	off
< < dotglob             	off
< < execfail            	off
< < expand_aliases      	on
< < extdebug            	off
< < extglob             	off
< < extquote            	on
< < failglob            	off
< < force_fignore       	on
< < globasciiranges     	on
< < globskipdots        	on
< < globstar            	off
< < gnu_errfmt          	off
< < histappend          	off
< < histreedit          	off
< < histverify          	off
< < hostcomplete        	on
< < huponexit           	off
< < inherit_errexit     	on
< < interactive_comments	on
< < lastpipe            	off
< < lithist             	off
< < localvar_inherit    	off
< < localvar_unset      	off
< < login_shell         	off
< < mailwarn            	off
< < no_empty_cmd_completion	off
< < nocaseglob          	off
< < nocasematch         	off
< < noexpand_translation	off
< < nullglob            	off
< < patsub_replacement  	on
< < progcomp            	on
< < progcomp_alias      	off
< < promptvars          	on
< < restricted_shell    	off
< < shift_verbose       	on
< < sourcepath          	on
< < varredir_close      	off
< < xpg_echo            	off
< ---
< > autocd                          off
< > assoc_expand_once               off
< > cdable_vars                     off
< > cdspell                         off
< > checkhash                       off
< > checkjobs                       off
< > checkwinsize                    on
< > cmdhist                         on
< > compat31                        off
< > compat32                        off
< > compat40                        off
< > compat41                        off
< > compat42                        off
< > compat43                        off
< > compat44                        off
< > complete_fullquote              on
< > direxpand                       off
< > dirspell                        off
< > dotglob                         off
< > execfail                        off
< > expand_aliases                  on
< > extdebug                        off
< > extglob                         off
< > extquote                        on
< > failglob                        off
< > force_fignore                   on
< > globasciiranges                 on
< > globskipdots                    on
< > globstar                        off
< > gnu_errfmt                      off
< > histappend                      off
< > histreedit                      off
< > histverify                      off
< > hostcomplete                    on
< > huponexit                       off
< > inherit_errexit                 off
< > interactive_comments            on
< > lastpipe                        off
< > lithist                         off
< > localvar_inherit                off
< > localvar_unset                  off
< > login_shell                     off
< > mailwarn                        off
< > no_empty_cmd_completion         off
< > nocaseglob                      off
< > nocasematch                     off
< > noexpand_translation            off
< > nullglob                        off
< > patsub_replacement              on
< > progcomp                        on
< > progcomp_alias                  off
< > promptvars                      on
< > restricted_shell                off
< > shift_verbose                   off
< > sourcepath                      on
< > varredir_close                  off
< > xpg_echo                        off
< 1,59c1,57
< < array_expand_once   	off
< < assoc_expand_once   	off
< < autocd              	off
< < bash_source_fullpath	off
< < cdable_vars         	off
< < cdspell             	off
< < checkhash           	off
< < checkjobs           	off
< < checkwinsize        	on
< < cmdhist             	on
< < compat31            	off
< < compat32            	off
< < compat40            	off
< < compat41            	off
< < compat42            	off
< < compat43            	off
< < compat44            	off
< < complete_fullquote  	on
< < direxpand           	off
< < dirspell            	off
< < dotglob             	off
< < execfail            	off
< < expand_aliases      	on
< < extdebug            	off
< < extglob             	off
< < extquote            	on
< < failglob            	off
< < force_fignore       	on
< < globasciiranges     	on
< < globskipdots        	on
< < globstar            	off
< < gnu_errfmt          	off
< < histappend          	off
< < histreedit          	off
< < histverify          	off
< < hostcomplete        	on
< < huponexit           	off
< < inherit_errexit     	on
< < interactive_comments	on
< < lastpipe            	off
< < lithist             	off
< < localvar_inherit    	off
< < localvar_unset      	off
< < login_shell         	off
< < mailwarn            	off
< < no_empty_cmd_completion	off
< < nocaseglob          	off
< < nocasematch         	off
< < noexpand_translation	off
< < nullglob            	off
< < patsub_replacement  	on
< < progcomp            	on
< < progcomp_alias      	off
< < promptvars          	on
< < restricted_shell    	off
< < shift_verbose       	on
< < sourcepath          	on
< < varredir_close      	off
< < xpg_echo            	off
---
> autocd         	off
> assoc_expand_once	off
> cdable_vars    	off
> checkhash      	off
> checkjobs      	off
> checkwinsize   	off
> compat31       	off
> compat32       	off
> compat40       	off
> compat41       	off
> compat42       	off
> compat43       	off
> compat44       	off
> direxpand      	off
> dirspell       	off
> dotglob        	off
> execfail       	off
> extdebug       	off
> extglob        	off
> failglob       	off
> globstar       	off
> gnu_errfmt     	off
> histappend     	off
> histreedit     	off
> histverify     	off
> huponexit      	off
> inherit_errexit	off
> lastpipe       	off
> lithist        	off
> localvar_inherit	off
> localvar_unset 	off
> login_shell    	off
> mailwarn       	off
> no_empty_cmd_completion	off
> nocaseglob     	off
> nocasematch    	off
> noexpand_translation	off
> nullglob       	off
> progcomp_alias 	off
> restricted_shell	off
> shift_verbose  	off
> varredir_close 	off
> xpg_echo       	off
> --
> set +o allexport
> set -o braceexpand
> set -o emacs
> set +o errexit
> set +o errtrace
> set +o functrace
> set -o hashall
> set -o histexpand
> set -o history
> set +o ignoreeof
> set -o interactive-comments
> set +o keyword
> set -o monitor
> set +o noclobber
> set +o noexec
> set +o noglob
> set +o nolog
> set +o notify
> set +o nounset
> set +o onecmd
> set +o physical
> set +o pipefail
> set +o posix
> set -o privileged
> set +o verbose
> set +o vi
> set +o xtrace
> --
> allexport      	off
> braceexpand    	on
> emacs          	on
> errexit        	off
> errtrace       	off
> functrace      	off
> hashall        	on
> histexpand     	on
> history        	on
> ignoreeof      	off
> interactive-comments	on
> keyword        	off
> monitor        	on
> noclobber      	off
> noexec         	off
> noglob         	off
> nolog          	off
> notify         	off
> nounset        	off
> onecmd         	off
> physical       	off
> pipefail       	off
> posix          	off
> privileged     	on
> verbose        	off
> vi             	off
> xtrace         	off
> --
> set +o allexport
> set -o braceexpand
> set -o emacs
> set +o errexit
> set +o errtrace
> set +o functrace
> set -o hashall
> set -o histexpand
> set -o history
> set +o ignoreeof
> set -o interactive-comments
> set +o keyword
> set -o monitor
> set +o noclobber
> set +o noexec
> set +o noglob
> set +o nolog
> set +o notify
> set +o nounset
> set +o onecmd
> set +o physical
> set +o pipefail
> set +o posix
> set -o privileged
> set +o verbose
> set +o vi
> set +o xtrace
> --
> set -o history
> set +o verbose
> --
> set -o braceexpand
> set -o emacs
> set -o hashall
> set -o histexpand
> set -o history
> set -o interactive-comments
> set -o monitor
> set -o privileged
> --
> set +o allexport
> set +o errexit
> set +o errtrace
> set +o functrace
> set +o ignoreeof
> set +o keyword
> set +o noclobber
> set +o noexec
> set +o noglob
> set +o nolog
> set +o notify
> set +o nounset
> set +o onecmd
> set +o physical
> set +o pipefail
> set +o posix
> set +o verbose
> set +o vi
> set +o xtrace
> --
> allexport      	off
> errexit        	off
> errtrace       	off
> functrace      	off
> ignoreeof      	off
> keyword        	off
> noclobber      	off
> noexec         	off
> noglob         	off
> nolog          	off
> notify         	off
> nounset        	off
> onecmd         	off
> physical       	off
> pipefail       	off
> posix          	off
> verbose        	off
> vi             	off
> xtrace         	off
> --
> ./shopt.tests: line 106: shopt: xyz1: invalid shell option name
> ./shopt.tests: line 107: shopt: xyz1: invalid option name
> 28c28
> < globskipdots   	off
479,537c310,312
< > autocd                          off
< > assoc_expand_once               off
< > cdable_vars                     off
< > cdspell                         off
< > checkhash                       off
< > checkjobs                       off
< > checkwinsize                    on
< > cmdhist                         on
< > compat31                        off
< > compat32                        off
< > compat40                        off
< > compat41                        off
< > compat42                        off
< > compat43                        off
< > compat44                        off
< > complete_fullquote              on
< > direxpand                       off
< > dirspell                        off
< > dotglob                         off
< > execfail                        off
< > expand_aliases                  on
< > extdebug                        off
< > extglob                         off
< > extquote                        on
< > failglob                        off
< > force_fignore                   on
< > globasciiranges                 on
< > globskipdots                    on
< > globstar                        off
< > gnu_errfmt                      off
< > histappend                      off
< > histreedit                      off
< > histverify                      off
< > hostcomplete                    on
< > huponexit                       off
< > inherit_errexit                 off
< > interactive_comments            on
< > lastpipe                        off
< > lithist                         off
< > localvar_inherit                off
< > localvar_unset                  off
< > login_shell                     off
< > mailwarn                        off
< > no_empty_cmd_completion         off
< > nocaseglob                      off
< > nocasematch                     off
< > noexpand_translation            off
< > nullglob                        off
< > patsub_replacement              on
< > progcomp                        on
< > progcomp_alias                  off
< > promptvars                      on
< > restricted_shell                off
< > shift_verbose                   off
< > sourcepath                      on
< > varredir_close                  off
< > xpg_echo                        off
< expand_aliases                  on
< expand_aliases                  on
---
> > globskipdots   	on
> expand_aliases 	on
> expand_aliases 	on
