3c3
< cupidshell: qfoo: command not found
---
> ./alias.tests: line 38: qfoo: command not found
14,21c14,21
< 
< 
< 
< 
< 
< 
< 
< 
---
> one
> two
> three
> four
> one
> two
> three
> four
23c23,25
< cupidshell: ever: command not found
---
> ok 1
> ok 2
> text
26,29c28,31
< 
< b
< a a a a a a a a a a a a a a a a a a a a a a a a a a a a a a a a a a a b
< a a a a a a a a a a a a a a a a a a a a a a a a a a a a a a a a a a a b
---
> a
> a b
> a b
> a a b
32,37c34,36
< cupidshell: comment: command not found
< cupidshell: long_comment: command not found
< cupidshell: comment: command not found
< cupidshell: foo: command not found
< cupidshell: foo: command not found
< cupidshell: foo: command not found
---
> bar
> bad
> 0
45,46c44,45
< cupidshell: a1: command not found
< cupidshell: a2: command not found
---
> <áa>
> <aá>
