2c2
< bash5: -c: `invalid-name': not a valid identifier
---
> bash5: line 1: `invalid-name': not a valid identifier
4,7d3
< #? in
< #? in
< #? in
< bash5: -c: unexpected token ')'
9c5,13
< bash5: -c: expected 'in'
---
> in
> in
> bash5: -c: line 1: syntax error near unexpected token `)'
> bash5: -c: line 1: `case x in esac) echo done; esac'
> in
> bash5: -c: line 1: syntax error near unexpected token `do'
> bash5: -c: line 1: `case in do do) echo in; esac'
> bash5: -c: line 1: syntax error near unexpected token `('
> bash5: -c: line 1: `for()'
