3,4c3,4
< cupidshell: quux: command not found
< baz
---
> ./alias.tests: line 38: qfoo: command not found
> quux
14,22c14,21
< 
< 
< 
< 
< 
< 
< 
< 
< cupidshell: ./alias3.sub: expected 'in'
---
> one
> two
> three
> four
> one
> two
> three
> four
24c23,25
< cupidshell: ever: command not found
---
> ok 1
> ok 2
> text
27,28c28
< 
< b
---
> a
30a31
> a a b
33,38c34,36
< cupidshell: comment: command not found
< cupidshell: long_comment: command not found
< cupidshell: comment: command not found
< cupidshell: foo: command not found
< cupidshell: foo: command not found
< cupidshell: foo: command not found
---
> bar
> bad
> 0
46,47c44,45
< cupidshell: a1: command not found
< cupidshell: a2: command not found
---
> <áa>
> <aá>
