36,37c36,37
< a _ ^ ] \ [ Z Y X W V U T S R Q P O N M L K J I H G F E D C B A
< A B C D E F G H I J K L M N O P Q R S T U V W X Y Z [ \ ] ^ _ a
---
> a ` _ ^ ]  [ Z Y X W V U T S R Q P O N M L K J I H G F E D C B A
> A B C D E F G H I J K L M N O P Q R S T U V W X Y Z [  ] ^ _ ` a
39,40c39,40
< 1 2 3 4 5 6 7 8 9 : ; < = > a r s t u v @ A B C D E F G H I J K L M N O P Q R S T U V W X Y Z [ \ ] ^ _ a b c d e f
< f e d c b a _ ^ ] \ [ Z Y X W V U T S R Q P O N M L K J I H G F E D C B A @ a r s t u v > = < ; : 9 8 7 6 5 4 3 2 1
---
> {1..f}
> {f..1}
44c44
< a-{b{d,e}}-c
---
> a-{bd}-c a-{be}-c
46c46
< {klklkl}{1,2,3}
---
> {klklkl}1 {klklkl}2 {klklkl}3
49d48
< -1
50a50,51
> -1 -3 -5 -7 -9
> 10 8 6 4 2
52d52
< 10
55c55
< 100
---
> 100 95 90 85 80 75 70 65 60 55 50 45 40 35 30 25 20 15 10 5 0
61c61
< 10
---
> 10 8 6 4 2 0
66c66
< 1 2 3 4 5 6 7 8 9 10
---
> {1..10..ff}
68,69c68,69
< 1 2 3 4 5 6 7 8 9 10 11 12 13 14 15 16 17 18 19 20
< 1 2 3 4 5 6 7 8 9 10 11 12 13 14 15 16 17 18 19 20
---
> {1..20..f2}
> {1..20..2f}
73c73
< 1 2 3 4 5 6 7 8 9 : ; < = > a r s t u v @ A B C D E F G H I J K L M N O P Q R S T U V W X Y Z [ \ ] ^ _ a b c d e f
---
> {1..f}
