2,9c2
< error
< error
< error
< in
< #? in
< #? in
< #? in
< cupidshell: -c: unexpected token ')'
---
> bash5: line 1: `invalid-name': not a valid identifier
11,12c4,13
< cupidshell: -c: expected 'in'
< cupidshell: -c: expected for name
---
> in
> in
> in
> bash5: -c: line 1: syntax error near unexpected token `)'
> bash5: -c: line 1: `case x in esac) echo done; esac'
> in
> bash5: -c: line 1: syntax error near unexpected token `do'
> bash5: -c: line 1: `case in do do) echo in; esac'
> bash5: -c: line 1: syntax error near unexpected token `('
> bash5: -c: line 1: `for()'
15,16c16
< cupidshell: -c: expected 'do'
< cupidshell: -c: expected 'in'
---
> ok 1
