2c2
< cupidshell: /tmp/redir-test: File exists (os error 17)
---
> ./redir.tests: line 28: /tmp/redir-test: cannot overwrite existing file
6c6
< cupidshell: a b: No such file or directory (os error 2)
---
> ./redir.tests: line 44: $z: ambiguous redirect
20d19
< BUG: after exec in redir1.sub
24,25c23,24
< read line3 ""
< read line4 ""
---
> read line3 "cd"
> read line4 "daemon"
28,30c27,29
< cupidshell: : ambiguous redirect
< cupidshell: : ambiguous redirect
< cupidshell: /tmp/err-and-out: ambiguous redirect
---
> ./redir4.sub: line 45: $fd: ambiguous redirect
> ./redir4.sub: line 46: $fd: ambiguous redirect
> err-and-out:
34,36d32
< cat: /tmp/err-and-out: No such file or directory
< rm: cannot remove '/tmp/err-and-out': No such file or directory
< cupidshell: /tmp/err-and-out: ambiguous redirect
39,45d34
< err-and-out:
< cat: /tmp/err-and-out: No such file or directory
< rm: cannot remove '/tmp/err-and-out': No such file or directory
< oops -- /tmp/null-redir-a not found
< oops -- /tmp/null-redir-b not found
< oops -- /tmp/null-redir-c not found
< oops -- /tmp/null-redir-d not found
47d35
< oops -- /tmp/null-redir-e not found
49,54c37,126
< oops -- /tmp/null-redir-f not found
< oops -- /tmp/null-redir-g not found
< cupidshell: redir1.*: No such file or directory (os error 2)
< /usr/bin/grep: (standard input): Bad file descriptor
< ./redir7.sub: ./redir7.sub: unexpected token '`
< '
---
> ab
> cd
> ef
> gh
> ij
> kl
> 0
> ab
> cd
> cd
> ./redir.tests: line 170: redir1.*: No such file or directory
> #   This program is free software: you can redistribute it and/or modify
> #   it under the terms of the GNU General Public License as published by
> #   the Free Software Foundation, either version 3 of the License, or
> #   (at your option) any later version.
> #
> #   This program is distributed in the hope that it will be useful,
> #   but WITHOUT ANY WARRANTY; without even the implied warranty of
> #   MERCHANTABILITY or FITNESS FOR A PARTICULAR PURPOSE.  See the
> #   GNU General Public License for more details.
> #
> #   You should have received a copy of the GNU General Public License
> #   along with this program.  If not, see <http://www.gnu.org/licenses/>.
> #
> # tests of ksh93-like dup-and-close redirection operators
> exec 9<$0
> 
> f()
> {
> exec 5<$0
> 
> exec 0<&5-
> 
> while read line; do
> echo "$line"
> done
> }
> 
> f
> 
> typeset -f f
> 
> # make sure it was closed
> read -u 5 foo 2>&1 | grep -q 'invalid file descriptor'
> echo after read
> 
> exec 5<&0
> 
> exec <&-
> 
> read abcde 2>&1 | grep -q 'read error'
> 
> exec 0<&9-
> read line
> echo $line
> f () 
> { 
>     exec 5< $0;
>     exec 0<&5-;
>     while read line; do
>         echo "$line";
>     done
> }
> after read
> # This program is free software: you can redistribute it and/or modify
> /
> /
> /
> 0
> 0
> 0
> before block
> after block
> c1 is 1
> c2 is 2
> c3 is 3
> c4 is 4
> fd 10
> fd 8
> fd 10
> fd 8
> 1
> 2
> 3
> 4
> 1
> 2
> 3
> 4
> cat /tmp/foo
55a128,134
> hey
> to stdout
> to stderr
> 
> to stdout
> to stderr
> 
56a136,137
> to stdout
> 
58,103c139,163
< cupidshell: : ambiguous redirect
< cupidshell: dup2(9, 1) failed
< cupidshell: dup2(9, 1) failed
< cupidshell: dup2(9, 1) failed
< cupidshell: 42: No such file or directory (os error 2)
< ./redir.tests: line 210: root:x:0:0::/root:/usr/bin/zsh: command not found
< ./redir.tests: line 211: bin:x:1:1::/:/usr/bin/nologin: command not found
< ./redir.tests: line 212: daemon:x:2:2::/:/usr/bin/nologin: command not found
< ./redir.tests: line 213: mail:x:8:12::/var/spool/mail:/usr/bin/nologin: command not found
< ./redir.tests: line 214: ftp:x:14:11::/srv/ftp:/usr/bin/nologin: command not found
< ./redir.tests: line 215: http:x:33:33::/srv/http:/usr/bin/nologin: command not found
< ./redir.tests: line 216: nobody:x:65534:65534:Kernel: command not found
< ./redir.tests: line 217: dbus:x:81:81:System: command not found
< ./redir.tests: line 218: systemd-coredump:x:980:980:systemd: command not found
< ./redir.tests: line 219: systemd-network:x:979:979:systemd: command not found
< ./redir.tests: line 220: systemd-oom:x:978:978:systemd: command not found
< ./redir.tests: line 221: systemd-journal-remote:x:977:977:systemd: command not found
< ./redir.tests: line 222: systemd-resolve:x:976:976:systemd: command not found
< ./redir.tests: line 223: systemd-timesync:x:975:975:systemd: command not found
< ./redir.tests: line 224: tss:x:974:974:tss: command not found
< ./redir.tests: line 225: uuidd:x:68:68::/:/usr/bin/nologin: command not found
< ./redir.tests: line 226: polkitd:x:102:102:User: command not found
< ./redir.tests: line 227: avahi:x:973:973:Avahi: command not found
< ./redir.tests: line 228: frank:x:1000:1000::/home/frank:/usr/bin/zsh: command not found
< ./redir.tests: line 229: git:x:972:972:git: command not found
< ./redir.tests: line 230: geoclue:x:970:970:Geoinformation: command not found
< ./redir.tests: line 231: rtkit:x:133:133:RealtimeKit:/proc:/usr/bin/nologin: command not found
< ./redir.tests: line 232: sddm:x:969:969:SDDM: command not found
< ./redir.tests: line 233: nvidia-persistenced:x:143:143:NVIDIA: command not found
< ./redir.tests: line 234: _talkd:x:968:968:User: command not found
< ./redir.tests: line 235: mysql:x:967:967:MySQL:/:/usr/bin/nologin: command not found
< ./redir.tests: line 236: brltty:x:964:964:Braille: command not found
< ./redir.tests: line 237: gluster:x:963:963:GlusterFS: command not found
< ./redir.tests: line 238: libvirt-qemu:x:962:962:Libvirt: command not found
< ./redir.tests: line 239: qemu:x:961:961:QEMU: command not found
< ./redir.tests: line 240: rpc:x:32:32:Rpcbind: command not found
< ./redir.tests: line 241: flatpak:x:960:960:Flatpak: command not found
< ./redir.tests: line 242: alpm:x:959:959:Arch: command not found
< ./redir.tests: line 243: colord:x:958:958:Color: command not found
< ./redir.tests: line 244: named:x:40:40:BIND: command not found
< ./redir.tests: line 245: mongodb:x:956:956::/var/lib/mongodb:/usr/bin/nologin: command not found
< ./redir.tests: line 246: pcscd:x:954:954:PC/SC: command not found
< ./redir.tests: line 247: dnsmasq:x:953:953:dnsmasq: command not found
< ./redir.tests: line 248: plasmalogin:x:951:951:PLASMALOGIN: command not found
< ./redir.tests: line 249: mosquitto:x:950:950:Mosquitto: command not found
< ./redir.tests: line 250: headscale:x:949:949:Headscale: command not found
---
> hey
> to stdout
> logfunc is a function
> logfunc () 
> { 
>     echo "$@" &>> $TMPDIR/log
> }
> foo
> bix is a function
> bix () 
> { 
>     echo foo 2>&1 | cat
> }
> foo
> ::::::::::::::::::::::::::::::::::::::::::::::::::::::::::::::::::::::::::::::::::::::::::::::::::::::::::::::::::::::::::::::::::::::::::::::::::::::::::::::::::::::::::::::::::::::::::::::::::::::::::::::::::::::::::::::::::::
> 1
> 7
> after: 42
> ./redir11.sub: line 53: $(ss= declare -i ss): ambiguous redirect
> after: 42
> a+=3
> foo
> foo
> ./redir11.sub: line 75: 42: No such file or directory
> 42
