1c1
< argv[1] = <TDEFAULTS = -DSELECT_VECS=$selvecs>
---
> argv[1] = <TDEFAULTS = -DSELECT_VECS='&m68kcoff_vec'>
9c9
< argv[1] = <TDEFAULTS = -DSELECT_VECS=$selvecs>
---
> argv[1] = <TDEFAULTS = -DSELECT_VECS='&m68kcoff_vec'>
11c11
< argv[1] = <TDEFAULTS = -DSELECT_VECS=\'&m68kcoff_vec\'>
---
> argv[1] = <TDEFAULTS = -DSELECT_VECS='&m68kcoff_vec'>
45c45
< argv[1] = <TDEFAULTS = -DSELECT_VECS=\p>
---
> argv[1] = <TDEFAULTS = -DSELECT_VECS=p>
50c50
< argv[1] = <TDEFAULTS = -DSELECT_VECS=\'>
---
> argv[1] = <TDEFAULTS = -DSELECT_VECS='>
91a92
> argv[1] = <''>
104c105
< CTLNUL 7
---
> ok 7
