1,2c1,3
< cupidshell: type: -r: invalid option
< cupidshell: type: notthere: not found
---
> ./type.tests: line 22: type: -r: invalid option
> type: usage: type [-afptP] name [name ...]
> ./type.tests: line 25: type: notthere: not found
9a11,14
> func () 
> { 
>     echo this is func
> }
14c19,24
< cupidshell: command: func: not found
---
> func
> func is a function
> func () 
> { 
>     echo this is func
> }
17,18c27,28
< alias
< m is aliased to `more'
---
> ./type.tests: line 56: type: m: not found
> alias m='more'
20,21d29
< alias m=more
< alias m=more
25,26c33,34
< alias m=more
< alias m=more
---
> alias m='more'
> alias m='more'
32,33c40,41
< cupidshell: type: func: not found
< cupidshell: type: m: not found
---
> ./type.tests: line 78: type: func: not found
> ./type.tests: line 80: type: m: not found
35,36c43,44
< /tmp/cupidshell
< cupidshell is hashed (/tmp/cupidshell)
---
> /tmp/bash
> bash is hashed (/tmp/bash)
39,40c47,48
<    0	/tmp/cupidshell	cupidshell
<    0	/bin/sh	sh
---
>    1	/bin/sh
>    3	/tmp/bash
41a50,53
> f () 
> { 
>     v='^A'
> }
43,44c55,63
< cupidshell: declare: foo: not found
< cupidshell: type: bar: not found
---
> foo () 
> { 
>     echo $(< x1)
> }
> bar is a function
> bar () 
> { 
>     echo $(< x1)
> }
45a65,74
> foo () 
> { 
>     echo;
>     cat <<END
> bar
> END
> 
>     cat <<EOF
> qux
> EOF
47,48c76
< cat: cat: No such file or directory
< cupidshell: type: foo: not found
---
> }
50,51c78,98
< cat: cat: No such file or directory
< type3.sub: type3.sub: expected 'done'
---
> bar
> qux
> 
> bar
> qux
> foo is a function
> foo () 
> { 
>     rm -f a b c;
>     for f in a b c;
>     do
>         cat <<-EOF >> ${f}
> file
> EOF
> 
>     done
>     grep . a b c
> }
> a:file
> b:file
> c:file
52a100,108
> bb () 
> { 
>     ( cat <<EOF
> foo
> bar
> EOF
>  )
>     echo after subshell
> }
53a110,125
> mkcoprocs () 
> { 
>     coproc a { 
>         cat <<EOF1
> producer 1
> EOF1
> 
>     }
>     coproc b { 
>         cat <<EOF2
> producer 2
> EOF2
> 
>     }
>     echo "coprocs created"
> }
54a127,135
> mkcoprocs () 
> { 
>     coproc COPROC ( b cat <<EOF
> heredoc
> body
> EOF
>  )
>     echo "coprocs created"
> }
