1,7c1,11
< cupidshell: pushd: /tmp/xxx-notthere: No such file or directory
< cupidshell: pushd: no other directory
< cupidshell: popd: directory stack empty
< cupidshell: pushd: /home/frank/bash-rust/bash-5.2.21/tests/-m: No such file or directory
< cupidshell: popd: directory stack empty
< cupidshell: dirs: -m: invalid option
< ~/bash-rust/bash-5.2.21/tests
---
> ./dstack.tests: line 19: pushd: /tmp/xxx-notthere: No such file or directory
> ./dstack.tests: line 22: pushd: no other directory
> ./dstack.tests: line 23: popd: directory stack empty
> ./dstack.tests: line 26: pushd: -m: invalid number
> pushd: usage: pushd [-n] [+N | -N | dir]
> ./dstack.tests: line 27: popd: -m: invalid number
> popd: usage: popd [-n] [+N | -N]
> ./dstack.tests: line 28: dirs: -m: invalid number
> dirs: usage: dirs [-clpv] [+N] [-N]
> ./dstack.tests: line 29: dirs: 7: invalid option
> dirs: usage: dirs [-clpv] [+N] [-N]
10,33c14,31
< /usr /home/frank/bash-rust/bash-5.2.21/tests
< /usr /usr
< 
< /usr /usr
< /etc /etc /usr
< /etc /etc /usr
<   0  /etc
<   1  /etc
<   2  /usr
< 
< cupidshell: dirs: -0: invalid option
< 
< cupidshell: dirs: -2: invalid option
< cupidshell: dirs: -9: invalid option
< cupidshell: dirs: -9: invalid option
< cupidshell: popd: -9: directory stack index out of range
< /tmp /tmp /etc /etc /usr
< 
< /usr
< /usr /usr /tmp /etc /etc /usr
< 
< /usr
< /usr /usr /tmp /etc /etc /usr
< /usr
---
> /usr /
> /usr /
> /usr /
> /usr /
> /usr /
> /
> /usr /
> /etc /usr /
> /etc /usr /
> /etc /usr /
>  0  /etc
>  1  /usr
>  2  /
> /usr /etc /
> /etc /usr /
> /tmp /etc /usr /
> /tmp
> /tmp
35,36d32
< /usr /etc /etc /usr /usr
< 
37a34,55
> ./dstack.tests: line 71: dirs: 9: directory stack index out of range
> ./dstack.tests: line 71: dirs: 9: directory stack index out of range
> ./dstack.tests: line 72: pushd: +9: directory stack index out of range
> ./dstack.tests: line 72: pushd: -9: directory stack index out of range
> ./dstack.tests: line 73: popd: +9: directory stack index out of range
> ./dstack.tests: line 73: popd: -9: directory stack index out of range
> /tmp /etc /
> /tmp /etc /
> /tmp /etc /
> /tmp /usr /etc /
> /tmp
> /tmp /usr /etc /
> /tmp /usr /etc /
> /tmp
> /tmp /bin /etc /
> /tmp
> /tmp /bin /
> /tmp
> /bin / /tmp
> /bin / /tmp
> /bin
> /bin
3c3,5
< /tmp /tmp /usr
---
> /usr /
> /tmp /usr /
> /tmp /usr /
5d6
< cupidshell: dirs: -0: invalid option
6a8
> /tmp /tmp
8,9c10,11
< cupidshell: dirs: -1: invalid option
< ~1
---
> /usr
> /usr /usr
11,12c13,14
< cupidshell: dirs: -2: invalid option
< ~2
---
> /
> / /
14,15c16,17
< cupidshell: dirs: -2: invalid option
< ~-2
---
> /tmp
> /tmp /tmp
17,19c19,21
< cupidshell: dirs: -1: invalid option
< ~-1
< cupidshell: dirs: -1: invalid option
---
> /usr
> /usr /usr
>  1  /usr
21,22c23,24
< cupidshell: dirs: -0: invalid option
< /tmp
---
> /
> / /
